// Jest Snapshot v1, https://goo.gl/fbAQLP

exports[`Prubeas en <GrifGridItem /> debe de mostrar el componente correctamente  1`] = `
<div
  className="card animate__animated animate__fadeIn"
>
  <img
    alt="Batman"
    src="https://batman.com/batman.jpg"
  />
  <p>
     
    Batman
     
  </p>
</div>
`;
